>>> add_integer = __import__('0-add_integer').add_integer

>>> add_integer(2, 3)
5

>>> add_integer(-2, 10)
8

>>> add_integer(2)
100

>>> add_integer(None)
Traceback (most recent call last):
...
TypeError: a must be an integer

>>> add_integer("hello")
Traceback (most recent call last):
...
TypeError: a must be an integer

>>> add_integer(4, "School")
Traceback (most recent call last):
    ...
TypeError: b must be an integer

>>> add_integer()
Traceback (most recent call last):
...
TypeError: add_integer() missing 1 required positional argument: 'a'

>>> add_integer(float('inf'))
Traceback (most recent call last):
...
OverflowError: cannot convert float infinity to integer

>>> add_integer(int('inf'))
Traceback (most recent call last):
...
ValueError: invalid literal for int() with base 10: 'inf'